
> hms-backend-node@1.0.0 test
> node --experimental-vm-modules node_modules/jest/bin/jest.js

node.exe : (node:24312) ExperimentalWarning: VM Modules is an experimental feature and might change at any time
At line:1 char:1
+ & "C:\nvm4w\nodejs/node.exe" "C:\nvm4w\nodejs/node_modules/npm/bin/np ...
+ ~~~~~~~~~~~~~~~~~~~~~~~~~~~~~~~~~~~~~~~~~~~~~~~~~~~~~~~~~~~~~~~~~~~~~
    + CategoryInfo          : NotSpecified: ((node:24312) Ex...nge at any time:String) [], RemoteException
    + FullyQualifiedErrorId : NativeCommandError
 
(Use `node --trace-warnings ...` to show where the warning was created)
(node:23228) ExperimentalWarning: VM Modules is an experimental feature and might change at any time
(Use `node --trace-warnings ...` to show where the warning was created)
(node:30612) ExperimentalWarning: VM Modules is an experimental feature and might change at any time
(Use `node --trace-warnings ...` to show where the warning was created)
(node:16820) ExperimentalWarning: VM Modules is an experimental feature and might change at any time
(Use `node --trace-warnings ...` to show where the warning was created)
(node:10332) ExperimentalWarning: VM Modules is an experimental feature and might change at any time
(Use `node --trace-warnings ...` to show where the warning was created)
(node:28028) ExperimentalWarning: VM Modules is an experimental feature and might change at any time
(Use `node --trace-warnings ...` to show where the warning was created)
::ffff:127.0.0.1 - - [15/Mar/2026:18:21:09 +0000] "POST /api/auth/login HTTP/1.1" 400 45 "-" "-"
::ffff:127.0.0.1 - - [15/Mar/2026:18:21:09 +0000] "GET /api/patients HTTP/1.1" 200 58 "-" "-"
::ffff:127.0.0.1 - - [15/Mar/2026:18:21:09 +0000] "GET /api/appointments HTTP/1.1" 200 16 "-" "-"
::ffff:127.0.0.1 - - [15/Mar/2026:18:21:09 +0000] "POST /api/auth/login HTTP/1.1" 500 42 "-" "-"
(node:10660) ExperimentalWarning: VM Modules is an experimental feature and might change at any time
(Use `node --trace-warnings ...` to show where the warning was created)
PASS tests/appointment.test.js
  ΓùÅ Console

    console.log
      [dotenv@17.3.1] injecting env (7) from .env -- tip: ΓÜí∩╕Å secrets for agents: https://dotenvx.com/as2

      at _log (node_modules/dotenv/lib/main.js:139:11)

FAIL tests/patient.test.js
  ΓùÅ Console

    console.log
      [dotenv@17.3.1] injecting env (7) from .env -- tip: ΓÜÖ∩╕Å  write to custom object with { processEnv: myObject }

      at _log (node_modules/dotenv/lib/main.js:139:11)

    console.log
      Creating patient: Jane Doe, Email: jane@test.com, PaymentMode: undefined

      at createPatient (src/controllers/patient.js:9:13)

    console.log
      Payment mode is 'undefined'. Skipping portal creation.

      at createPatient (src/controllers/patient.js:45:15)

    console.log
      Creating patient: Jane Doe, Email: undefined, PaymentMode: undefined

      at createPatient (src/controllers/patient.js:9:13)

    console.log
      Payment mode is 'undefined'. Skipping portal creation.

      at createPatient (src/controllers/patient.js:45:15)

  ΓùÅ Patient Integration Tests ΓÇ║ POST /api/patients ΓÇ║ should fail if missing required patient details

    expect(received).toBeGreaterThanOrEqual(expected)

    Expected: >= 400
    Received:    201

    [0m [90m 72 |[39m       [90m// Assuming controller validates or database throws[39m
     [90m 73 |[39m       [90m// The current backend likely returns 400 or 500[39m
    [31m[1m>[22m[39m[90m 74 |[39m       
expect(res[33m.[39mstatusCode)[33m.[39mtoBeGreaterThanOrEqual([35m400[39m)[33m;[39m
     [90m    |[39m                              [31m[1m^[22m[39m
     [90m 75 |[39m     })[33m;[39m
     [90m 76 |[39m   })[33m;[39m
     [90m 77 |[39m })[33m;[39m[0m

      at Object.<anonymous> (tests/patient.test.js:74:30)

PASS tests/health.test.js
  ΓùÅ Console

    console.log
      [dotenv@17.3.1] injecting env (7) from .env -- tip: ≡ƒ¢á∩╕Å  run anywhere with `dotenvx run -- yourcommand`

      at _log (node_modules/dotenv/lib/main.js:139:11)

::ffff:127.0.0.1 - - [15/Mar/2026:18:21:09 +0000] "POST /api/patients HTTP/1.1" 201 195 "-" "-"
::ffff:127.0.0.1 - - [15/Mar/2026:18:21:09 +0000] "POST /api/patients HTTP/1.1" 201 91 "-" "-"
::ffff:127.0.0.1 - - [15/Mar/2026:18:21:09 +0000] "POST /api/auth/login HTTP/1.1" 500 42 "-" "-"
::ffff:127.0.0.1 - - [15/Mar/2026:18:21:09 +0000] "POST /api/appointments HTTP/1.1" 201 210 "-" "-"
::ffff:127.0.0.1 - - [15/Mar/2026:18:21:10 +0000] "GET /api/auth/me HTTP/1.1" 401 54 "-" "-"
::ffff:127.0.0.1 - - [15/Mar/2026:18:21:10 +0000] "GET /api/auth/me HTTP/1.1" 200 98 "-" "-"
::ffff:127.0.0.1 - - [15/Mar/2026:18:21:10 +0000] "POST /api/auth/login HTTP/1.1" 200 422 "-" "-"
FAIL tests/auth.test.js
  ΓùÅ Console

    console.log
      [dotenv@17.3.1] injecting env (7) from .env -- tip: ΓÜÖ∩╕Å  write to custom object with { processEnv: myObject }

      at _log (node_modules/dotenv/lib/main.js:139:11)

    console.error
      Login error: TypeError: User.findOne(...).select is not a function
          at login (D:\project\HMS\hms-backend-node\src\controllers\authcontroller.js:20:8)
          at Layer.handleRequest (D:\project\HMS\hms-backend-node\node_modules\router\lib\layer.js:152:17)
          at next (D:\project\HMS\hms-backend-node\node_modules\router\lib\route.js:157:13)
          at Route.dispatch (D:\project\HMS\hms-backend-node\node_modules\router\lib\route.js:117:3)
          at handle (D:\project\HMS\hms-backend-node\node_modules\router\index.js:435:11)
          at Layer.handleRequest (D:\project\HMS\hms-backend-node\node_modules\router\lib\layer.js:152:17)
          at D:\project\HMS\hms-backend-node\node_modules\router\index.js:295:15
          at processParams (D:\project\HMS\hms-backend-node\node_modules\router\index.js:582:12)
          at next (D:\project\HMS\hms-backend-node\node_modules\router\index.js:291:5)
          at router.handle (D:\project\HMS\hms-backend-node\node_modules\router\index.js:186:3)
          at router (D:\project\HMS\hms-backend-node\node_modules\router\index.js:60:12)
          at Layer.handleRequest (D:\project\HMS\hms-backend-node\node_modules\router\lib\layer.js:152:17)
          at trimPrefix (D:\project\HMS\hms-backend-node\node_modules\router\index.js:342:13)
          at D:\project\HMS\hms-backend-node\node_modules\router\index.js:297:9
          at processParams (D:\project\HMS\hms-backend-node\node_modules\router\index.js:582:12)
          at next (D:\project\HMS\hms-backend-node\node_modules\router\index.js:291:5)
          at logger (D:\project\HMS\hms-backend-node\node_modules\morgan\index.js:144:5)
          at Layer.handleRequest (D:\project\HMS\hms-backend-node\node_modules\router\lib\layer.js:152:17)
          at trimPrefix (D:\project\HMS\hms-backend-node\node_modules\router\index.js:342:13)
          at D:\project\HMS\hms-backend-node\node_modules\router\index.js:297:9
          at processParams (D:\project\HMS\hms-backend-node\node_modules\router\index.js:582:12)
          at next (D:\project\HMS\hms-backend-node\node_modules\router\index.js:291:5)
          at metricsMiddleware (D:\project\HMS\hms-backend-node\src\middleware\metricsMiddleware.js:22:5)
          at Layer.handleRequest (D:\project\HMS\hms-backend-node\node_modules\router\lib\layer.js:152:17)
          at trimPrefix (D:\project\HMS\hms-backend-node\node_modules\router\index.js:342:13)
          at D:\project\HMS\hms-backend-node\node_modules\router\index.js:297:9
          at processParams (D:\project\HMS\hms-backend-node\node_modules\router\index.js:582:12)
          at next (D:\project\HMS\hms-backend-node\node_modules\router\index.js:291:5)
          at D:\project\HMS\hms-backend-node\node_modules\body-parser\lib\read.js:172:5
          at AsyncResource.runInAsyncScope (node:async_hooks:214:14)
          at invokeCallback (D:\project\HMS\hms-backend-node\node_modules\raw-body\index.js:238:16)
          at done (D:\project\HMS\hms-backend-node\node_modules\raw-body\index.js:227:7)
          at IncomingMessage.onEnd (D:\project\HMS\hms-backend-node\node_modules\raw-body\index.js:287:7)
          at IncomingMessage.emit (node:events:508:28)
          at endReadableNT (node:internal/streams/readable:1701:12)
          at processTicksAndRejections (node:internal/process/task_queues:89:21)

    [0m [90m 55 |[39m     })[33m;[39m
     [90m 56 |[39m   } [36mcatch[39m (error) {
    [31m[1m>[22m[39m[90m 57 |[39m     console[33m.[39merror([32m'Login error:'[39m[33m,[39m 
error)[33m;[39m
     [90m    |[39m             [31m[1m^[22m[39m
     [90m 58 |[39m     res[33m.[39mstatus([35m500[39m)[33m.[39mjson({ success[33m:[39m 
[36mfalse[39m[33m,[39m message[33m:[39m [32m'Server error'[39m })[33m;[39m
     [90m 59 |[39m   }
     [90m 60 |[39m }[33m;[39m[0m

      at login (src/controllers/authcontroller.js:57:13)
      at Layer.handleRequest (node_modules/router/lib/layer.js:152:17)
      at next (node_modules/router/lib/route.js:157:13)
      at Route.dispatch (node_modules/router/lib/route.js:117:3)
      at handle (node_modules/router/index.js:435:11)
      at Layer.handleRequest (node_modules/router/lib/layer.js:152:17)
      at node_modules/router/index.js:295:15
      at processParams (node_modules/router/index.js:582:12)
      at next (node_modules/router/index.js:291:5)
      at router.handle (node_modules/router/index.js:186:3)
      at router (node_modules/router/index.js:60:12)
      at Layer.handleRequest (node_modules/router/lib/layer.js:152:17)
      at trimPrefix (node_modules/router/index.js:342:13)
      at node_modules/router/index.js:297:9
      at processParams (node_modules/router/index.js:582:12)
      at next (node_modules/router/index.js:291:5)
      at logger (node_modules/morgan/index.js:144:5)
      at Layer.handleRequest (node_modules/router/lib/layer.js:152:17)
      at trimPrefix (node_modules/router/index.js:342:13)
      at node_modules/router/index.js:297:9
      at processParams (node_modules/router/index.js:582:12)
      at next (node_modules/router/index.js:291:5)
      at metricsMiddleware (src/middleware/metricsMiddleware.js:22:5)
      at Layer.handleRequest (node_modules/router/lib/layer.js:152:17)
      at trimPrefix (node_modules/router/index.js:342:13)
      at node_modules/router/index.js:297:9
      at processParams (node_modules/router/index.js:582:12)
      at next (node_modules/router/index.js:291:5)
      at node_modules/body-parser/lib/read.js:172:5
      at invokeCallback (node_modules/raw-body/index.js:238:16)
      at done (node_modules/raw-body/index.js:227:7)
      at IncomingMessage.onEnd (node_modules/raw-body/index.js:287:7)

    console.error
      Login error: TypeError: User.findOne(...).select is not a function
          at login (D:\project\HMS\hms-backend-node\src\controllers\authcontroller.js:20:8)
          at Layer.handleRequest (D:\project\HMS\hms-backend-node\node_modules\router\lib\layer.js:152:17)
          at next (D:\project\HMS\hms-backend-node\node_modules\router\lib\route.js:157:13)
          at Route.dispatch (D:\project\HMS\hms-backend-node\node_modules\router\lib\route.js:117:3)
          at handle (D:\project\HMS\hms-backend-node\node_modules\router\index.js:435:11)
          at Layer.handleRequest (D:\project\HMS\hms-backend-node\node_modules\router\lib\layer.js:152:17)
          at D:\project\HMS\hms-backend-node\node_modules\router\index.js:295:15
          at processParams (D:\project\HMS\hms-backend-node\node_modules\router\index.js:582:12)
          at next (D:\project\HMS\hms-backend-node\node_modules\router\index.js:291:5)
          at router.handle (D:\project\HMS\hms-backend-node\node_modules\router\index.js:186:3)
          at router (D:\project\HMS\hms-backend-node\node_modules\router\index.js:60:12)
          at Layer.handleRequest (D:\project\HMS\hms-backend-node\node_modules\router\lib\layer.js:152:17)
          at trimPrefix (D:\project\HMS\hms-backend-node\node_modules\router\index.js:342:13)
          at D:\project\HMS\hms-backend-node\node_modules\router\index.js:297:9
          at processParams (D:\project\HMS\hms-backend-node\node_modules\router\index.js:582:12)
          at next (D:\project\HMS\hms-backend-node\node_modules\router\index.js:291:5)
          at logger (D:\project\HMS\hms-backend-node\node_modules\morgan\index.js:144:5)
          at Layer.handleRequest (D:\project\HMS\hms-backend-node\node_modules\router\lib\layer.js:152:17)
          at trimPrefix (D:\project\HMS\hms-backend-node\node_modules\router\index.js:342:13)
          at D:\project\HMS\hms-backend-node\node_modules\router\index.js:297:9
          at processParams (D:\project\HMS\hms-backend-node\node_modules\router\index.js:582:12)
          at next (D:\project\HMS\hms-backend-node\node_modules\router\index.js:291:5)
          at metricsMiddleware (D:\project\HMS\hms-backend-node\src\middleware\metricsMiddleware.js:22:5)
          at Layer.handleRequest (D:\project\HMS\hms-backend-node\node_modules\router\lib\layer.js:152:17)
          at trimPrefix (D:\project\HMS\hms-backend-node\node_modules\router\index.js:342:13)
          at D:\project\HMS\hms-backend-node\node_modules\router\index.js:297:9
          at processParams (D:\project\HMS\hms-backend-node\node_modules\router\index.js:582:12)
          at next (D:\project\HMS\hms-backend-node\node_modules\router\index.js:291:5)
          at D:\project\HMS\hms-backend-node\node_modules\body-parser\lib\read.js:172:5
          at AsyncResource.runInAsyncScope (node:async_hooks:214:14)
          at invokeCallback (D:\project\HMS\hms-backend-node\node_modules\raw-body\index.js:238:16)
          at done (D:\project\HMS\hms-backend-node\node_modules\raw-body\index.js:227:7)
          at IncomingMessage.onEnd (D:\project\HMS\hms-backend-node\node_modules\raw-body\index.js:287:7)
          at IncomingMessage.emit (node:events:508:28)
          at endReadableNT (node:internal/streams/readable:1701:12)
          at processTicksAndRejections (node:internal/process/task_queues:89:21)

    [0m [90m 55 |[39m     })[33m;[39m
     [90m 56 |[39m   } [36mcatch[39m (error) {
    [31m[1m>[22m[39m[90m 57 |[39m     console[33m.[39merror([32m'Login error:'[39m[33m,[39m 
error)[33m;[39m
     [90m    |[39m             [31m[1m^[22m[39m
     [90m 58 |[39m     res[33m.[39mstatus([35m500[39m)[33m.[39mjson({ success[33m:[39m 
[36mfalse[39m[33m,[39m message[33m:[39m [32m'Server error'[39m })[33m;[39m
     [90m 59 |[39m   }
     [90m 60 |[39m }[33m;[39m[0m

      at login (src/controllers/authcontroller.js:57:13)
      at Layer.handleRequest (node_modules/router/lib/layer.js:152:17)
      at next (node_modules/router/lib/route.js:157:13)
      at Route.dispatch (node_modules/router/lib/route.js:117:3)
      at handle (node_modules/router/index.js:435:11)
      at Layer.handleRequest (node_modules/router/lib/layer.js:152:17)
      at node_modules/router/index.js:295:15
      at processParams (node_modules/router/index.js:582:12)
      at next (node_modules/router/index.js:291:5)
      at router.handle (node_modules/router/index.js:186:3)
      at router (node_modules/router/index.js:60:12)
      at Layer.handleRequest (node_modules/router/lib/layer.js:152:17)
      at trimPrefix (node_modules/router/index.js:342:13)
      at node_modules/router/index.js:297:9
      at processParams (node_modules/router/index.js:582:12)
      at next (node_modules/router/index.js:291:5)
      at logger (node_modules/morgan/index.js:144:5)
      at Layer.handleRequest (node_modules/router/lib/layer.js:152:17)
      at trimPrefix (node_modules/router/index.js:342:13)
      at node_modules/router/index.js:297:9
      at processParams (node_modules/router/index.js:582:12)
      at next (node_modules/router/index.js:291:5)
      at metricsMiddleware (src/middleware/metricsMiddleware.js:22:5)
      at Layer.handleRequest (node_modules/router/lib/layer.js:152:17)
      at trimPrefix (node_modules/router/index.js:342:13)
      at node_modules/router/index.js:297:9
      at processParams (node_modules/router/index.js:582:12)
      at next (node_modules/router/index.js:291:5)
      at node_modules/body-parser/lib/read.js:172:5
      at invokeCallback (node_modules/raw-body/index.js:238:16)
      at done (node_modules/raw-body/index.js:227:7)
      at IncomingMessage.onEnd (node_modules/raw-body/index.js:287:7)

  ΓùÅ Auth Integration Tests ΓÇ║ POST /api/auth/login ΓÇ║ should return 401 for invalid email

    expect(received).toBe(expected) // Object.is equality

    Expected: 401
    Received: 500

    [0m [90m 29 |[39m         [33m.[39mpost([32m'/api/auth/login'[39m)
     [90m 30 |[39m         [33m.[39msend({ email[33m:[39m [32m'test@test.com'[39m[33m,[39m 
password[33m:[39m [32m'password'[39m[33m,[39m role[33m:[39m [32m'admin'[39m })[33m;[39m
    [31m[1m>[22m[39m[90m 31 |[39m       expect(res[33m.[39mstatusCode)[33m.[39mtoBe([35m401[39m)[33m;[39m
     [90m    |[39m                              [31m[1m^[22m[39m
     [90m 32 |[39m       expect(res[33m.[39mbody[33m.[39mmessage)[33m.[39mtoMatch([35m/Invalid email or 
password/i[39m)[33m;[39m
     [90m 33 |[39m     })[33m;[39m
     [90m 34 |[39m[0m

      at Object.<anonymous> (tests/auth.test.js:31:30)

  ΓùÅ Auth Integration Tests ΓÇ║ POST /api/auth/login ΓÇ║ should return 200 and token for valid credentials

    expect(received).toBe(expected) // Object.is equality

    Expected: 200
    Received: 500

    [0m [90m 48 |[39m         [33m.[39msend({ email[33m:[39m [32m'admin@test.com'[39m[33m,[39m 
password[33m:[39m [32m'password'[39m[33m,[39m role[33m:[39m [32m'admin'[39m })[33m;[39m
     [90m 49 |[39m
    [31m[1m>[22m[39m[90m 50 |[39m       expect(res[33m.[39mstatusCode)[33m.[39mtoBe([35m200[39m)[33m;[39m
     [90m    |[39m                              [31m[1m^[22m[39m
     [90m 51 |[39m       expect(res[33m.[39mbody[33m.[39msuccess)[33m.[39mtoBe([36mtrue[39m)[33m;[39m
     [90m 52 |[39m       expect(res[33m.[39mbody[33m.[39mtoken)[33m.[39mtoBeDefined()[33m;[39m
     [90m 53 |[39m       
expect(res[33m.[39mbody[33m.[39muser[33m.[39memail)[33m.[39mtoBe([32m'admin@test.com'[39m)[33m;[39m[0m

      at Object.<anonymous> (tests/auth.test.js:50:30)

(node:23228) [MONGOOSE] Warning: mongoose: the `new` option for `findOneAndUpdate()` and `findOneAndReplace()` is 
deprecated. Use `returnDocument: 'after'` instead.
PASS tests/patient_flow.test.js
  ΓùÅ Console

    console.log
      [dotenv@17.3.1] injecting env (7) from .env -- tip: ≡ƒöÉ encrypt with Dotenvx: https://dotenvx.com

      at _log (node_modules/dotenv/lib/main.js:139:11)

    console.log
      Creating patient: John Doe, Email: john@test.com, PaymentMode: undefined

      at createPatient (src/controllers/patient.js:9:13)

    console.log
      Payment mode is 'undefined'. Skipping portal creation.

      at createPatient (src/controllers/patient.js:45:15)

::ffff:127.0.0.1 - - [15/Mar/2026:18:21:10 +0000] "POST /api/auth/login HTTP/1.1" 200 422 "-" "-"
::ffff:127.0.0.1 - - [15/Mar/2026:18:21:10 +0000] "POST /api/patients HTTP/1.1" 201 280 "-" "-"
::ffff:127.0.0.1 - - [15/Mar/2026:18:21:10 +0000] "POST /api/patients HTTP/1.1" 201 248 "-" "-"
::ffff:127.0.0.1 - - [15/Mar/2026:18:21:10 +0000] "GET /api/patients/69b6f896352c936bca1a7dd5 HTTP/1.1" 200 280 "-" "-"
::ffff:127.0.0.1 - - [15/Mar/2026:18:21:10 +0000] "POST /api/billing HTTP/1.1" 201 252 "-" "-"
::ffff:127.0.0.1 - - [15/Mar/2026:18:21:10 +0000] "PUT /api/patients/69b6f896352c936bca1a7dd5 HTTP/1.1" 200 284 "-" "-"
::ffff:127.0.0.1 - - [15/Mar/2026:18:21:10 +0000] "GET /api/billing HTTP/1.1" 200 343 "-" "-"
::ffff:127.0.0.1 - - [15/Mar/2026:18:21:10 +0000] "POST /api/auth/login HTTP/1.1" 200 403 "-" "-"
PASS tests/billing_flow.test.js
  ΓùÅ Console

    console.log
      [dotenv@17.3.1] injecting env (7) from .env -- tip: ΓÜÖ∩╕Å  override existing env vars with { override: true }

      at _log (node_modules/dotenv/lib/main.js:139:11)

    console.log
      Creating patient: Jane Doe, Email: jane@test.com, PaymentMode: undefined

      at createPatient (src/controllers/patient.js:9:13)

    console.log
      Payment mode is 'undefined'. Skipping portal creation.

      at createPatient (src/controllers/patient.js:45:15)

::ffff:127.0.0.1 - - [15/Mar/2026:18:21:10 +0000] "PATCH /api/billing/69b6f896283ddb43a8ece527/status HTTP/1.1" 200 285 "-" "-"
::ffff:127.0.0.1 - - [15/Mar/2026:18:21:10 +0000] "POST /api/users/receptionist HTTP/1.1" 201 62 "-" "-"
::ffff:127.0.0.1 - - [15/Mar/2026:18:21:10 +0000] "POST /api/auth/login HTTP/1.1" 200 436 "-" "-"
::ffff:127.0.0.1 - - [15/Mar/2026:18:21:10 +0000] "POST /api/auth/login HTTP/1.1" 401 46 "-" "-"
::ffff:127.0.0.1 - - [15/Mar/2026:18:21:10 +0000] "GET /api/users/receptionist HTTP/1.1" 200 334 "-" "-"
PASS tests/integration_suite.test.js
  ΓùÅ Console

    console.log
      [dotenv@17.3.1] injecting env (7) from .env -- tip: ΓÜÖ∩╕Å  write to custom object with { processEnv: myObject }

      at _log (node_modules/dotenv/lib/main.js:139:11)

PASS tests/billing.test.js
  ΓùÅ Console

    console.log
      [dotenv@17.3.1] injecting env (7) from .env -- tip: ≡ƒöÉ encrypt with Dotenvx: https://dotenvx.com

      at _log (node_modules/dotenv/lib/main.js:139:11)

PASS tests/doctor.test.js
  ΓùÅ Console

    console.log
      [dotenv@17.3.1] injecting env (7) from .env -- tip: ΓÜÖ∩╕Å  suppress all logs with { quiet: true }

      at _log (node_modules/dotenv/lib/main.js:139:11)

::ffff:127.0.0.1 - - [15/Mar/2026:18:21:10 +0000] "GET /api/users/doctors HTTP/1.1" 200 73 "-" "-"
::ffff:127.0.0.1 - - [15/Mar/2026:18:21:10 +0000] "GET /api/billing HTTP/1.1" 200 112 "-" "-"
::ffff:127.0.0.1 - - [15/Mar/2026:18:21:10 +0000] "POST /api/billing HTTP/1.1" 201 71 "-" "-"
::ffff:127.0.0.1 - - [15/Mar/2026:18:21:10 +0000] "POST /api/users/doctors HTTP/1.1" 400 70 "-" "-"

Test Suites: 2 failed, 7 passed, 9 total
Tests:       3 failed, 22 passed, 25 total
Snapshots:   0 total
Time:        5.107 s, estimated 10 s
Ran all test suites.
